// Jest Snapshot v1, https://goo.gl/fbAQLP

exports[`<Header /> should render 1`] = `
<header>
  <div />
</header>
`;
